// Jest Snapshot v1, https://goo.gl/fbAQLP

exports[`Presentational component Renders correctly WindowFormDelete component 1`] = `
<div
  className="app-modal-update"
/>
`;
